// Jest Snapshot v1, https://goo.gl/fbAQLP

exports[`Component renders without crashing 1`] = `
Object {
  "asFragment": [Function],
  "baseElement": <body>
    <div>
      <div
        class="flex vh-100 items-center"
      >
        <div
          class="bg-cogs white pv4 ph5 h-100"
        >
          <h1
            class="f1 flex flex-column"
          >
            <span>
              Join
            </span>
             
            <span>
              the
            </span>
             
            <span>
              team
            </span>
          </h1>
          <div>
            <h1>
              List of Names
            </h1>
            <ul />
          </div>
        </div>
        <form>
          <input
            name="firstName"
            placeholder="First name"
          />
          <select
            name="category"
          >
            <option
              value=""
            >
              Select...
            </option>
            <option
              value="A"
            >
              Male
            </option>
            <option
              value="B"
            >
              Female
            </option>
          </select>
          <textarea
            name="aboutYou"
            placeholder="About you"
          />
          <p />
          <input
            type="submit"
          />
        </form>
      </div>
    </div>
  </body>,
  "container": <div>
    <div
      class="flex vh-100 items-center"
    >
      <div
        class="bg-cogs white pv4 ph5 h-100"
      >
        <h1
          class="f1 flex flex-column"
        >
          <span>
            Join
          </span>
           
          <span>
            the
          </span>
           
          <span>
            team
          </span>
        </h1>
        <div>
          <h1>
            List of Names
          </h1>
          <ul />
        </div>
      </div>
      <form>
        <input
          name="firstName"
          placeholder="First name"
        />
        <select
          name="category"
        >
          <option
            value=""
          >
            Select...
          </option>
          <option
            value="A"
          >
            Male
          </option>
          <option
            value="B"
          >
            Female
          </option>
        </select>
        <textarea
          name="aboutYou"
          placeholder="About you"
        />
        <p />
        <input
          type="submit"
        />
      </form>
    </div>
  </div>,
  "debug": [Function],
  "findAllByAltText": [Function],
  "findAllByDisplayValue": [Function],
  "findAllByLabelText": [Function],
  "findAllByPlaceholderText": [Function],
  "findAllByRole": [Function],
  "findAllByTestId": [Function],
  "findAllByText": [Function],
  "findAllByTitle": [Function],
  "findByAltText": [Function],
  "findByDisplayValue": [Function],
  "findByLabelText": [Function],
  "findByPlaceholderText": [Function],
  "findByRole": [Function],
  "findByTestId": [Function],
  "findByText": [Function],
  "findByTitle": [Function],
  "getAllByAltText": [Function],
  "getAllByDisplayValue": [Function],
  "getAllByLabelText": [Function],
  "getAllByPlaceholderText": [Function],
  "getAllByRole": [Function],
  "getAllByTestId": [Function],
  "getAllByText": [Function],
  "getAllByTitle": [Function],
  "getByAltText": [Function],
  "getByDisplayValue": [Function],
  "getByLabelText": [Function],
  "getByPlaceholderText": [Function],
  "getByRole": [Function],
  "getByTestId": [Function],
  "getByText": [Function],
  "getByTitle": [Function],
  "queryAllByAltText": [Function],
  "queryAllByDisplayValue": [Function],
  "queryAllByLabelText": [Function],
  "queryAllByPlaceholderText": [Function],
  "queryAllByRole": [Function],
  "queryAllByTestId": [Function],
  "queryAllByText": [Function],
  "queryAllByTitle": [Function],
  "queryByAltText": [Function],
  "queryByDisplayValue": [Function],
  "queryByLabelText": [Function],
  "queryByPlaceholderText": [Function],
  "queryByRole": [Function],
  "queryByTestId": [Function],
  "queryByText": [Function],
  "queryByTitle": [Function],
  "rerender": [Function],
  "unmount": [Function],
}
`;
